
info [Wed Apr 01 2020 19:53:51 GMT-0500 (Central Daylight Time)]  Starting server on port 3000
info [Wed Apr 01 2020 19:53:51 GMT-0500 (Central Daylight Time)]  Closed server

info [Wed Apr 01 2020 19:53:58 GMT-0500 (Central Daylight Time)]  Starting server on port 3000
info [Wed Apr 01 2020 19:53:58 GMT-0500 (Central Daylight Time)]  Closed server
